<?xml version="1.0" encoding="UTF-8"?>
<TestRun id="2442393a-b23b-48d9-9555-5f7b229e6e18" name="sdutta@USMUMSDUTTA1 2017-11-30 18:55:27" runUser="US\sdutta" xmlns="http://microsoft.com/schemas/VisualStudio/TeamTest/2010">
  <TestSettings name="Default Test Settings" id="17c44794-86df-4597-b8cd-e997c751583d">
    <Execution>
      <TestTypeSpecific />
      <AgentRule name="Execution Agents">
      </AgentRule>
    </Execution>
    <Deployment runDeploymentRoot="sdutta_USMUMSDUTTA1 2017-11-30 18_55_27" />
    <Properties />
  </TestSettings>
  <Times creation="2017-11-30T18:55:27.8379655+05:30" queuing="2017-11-30T18:55:29.1444320+05:30" start="2017-11-30T18:55:29.2446976+05:30" finish="2017-11-30T18:55:30.1711859+05:30" />
  <ResultSummary outcome="Completed">
    <Counters total="1" executed="1" passed="1" error="0" failed="0" timeout="0" aborted="0" inconclusive="0" passedButRunAborted="0" notRunnable="0" notExecuted="0" disconnected="0" warning="0" completed="0" inProgress="0" pending="0" />
  </ResultSummary>
  <TestDefinitions>
    <UnitTest name="TestMethod1" storage="helloworldtest\bin\debug\helloworldtest.dll" id="468ee5d5-e801-0e2d-ab24-fd2b6bbe7081">
      <Execution id="b043659c-5b1d-4c0a-9ea4-42c554653b74" />
      <TestMethod codeBase="C:/Users/sdutta/Documents/Jenkins.Demo/HelloWorld/HelloWorldTest/bin/Debug/HelloWorldTest.DLL" adapterTypeName="Microsoft.VisualStudio.TestTools.TestTypes.Unit.UnitTestAdapter, Microsoft.VisualStudio.QualityTools.Tips.UnitTest.Adapter, Version=15.0.0.0, Culture=neutral, PublicKeyToken=b03f5f7f11d50a3a" className="HelloWorldTest.UnitTest1, HelloWorldTest, Version=1.0.0.0, Culture=neutral, PublicKeyToken=null" name="TestMethod1" />
    </UnitTest>
  </TestDefinitions>
  <TestLists>
    <TestList name="Results Not in a List" id="8c84fa94-04c1-424b-9868-57a2d4851a1d" />
    <TestList name="All Loaded Results" id="19431567-8539-422a-85d7-44ee4e166bda" />
  </TestLists>
  <TestEntries>
    <TestEntry testId="468ee5d5-e801-0e2d-ab24-fd2b6bbe7081" executionId="b043659c-5b1d-4c0a-9ea4-42c554653b74" testListId="8c84fa94-04c1-424b-9868-57a2d4851a1d" />
  </TestEntries>
  <Results>
    <UnitTestResult executionId="b043659c-5b1d-4c0a-9ea4-42c554653b74" testId="468ee5d5-e801-0e2d-ab24-fd2b6bbe7081" testName="TestMethod1" computerName="USMUMSDUTTA1" duration="00:00:00.0484827" startTime="2017-11-30T18:55:29.4682904+05:30" endTime="2017-11-30T18:55:30.1280424+05:30" testType="13cdc9d9-ddb5-4fa4-a97d-d965ccfc6d4b" outcome="Passed" testListId="8c84fa94-04c1-424b-9868-57a2d4851a1d" relativeResultsDirectory="b043659c-5b1d-4c0a-9ea4-42c554653b74">
    </UnitTestResult>
  </Results>
</TestRun>